---
source: r-lanterm/src/ui/components/./header_tests.rs
expression: terminal.backend()
---
"Test                                                                            "
"                                                                                "
"                                                                                "
