---
source: r-lanterm/src/ui/components/field.rs
expression: terminal.backend()
---
"Test: value                                                                     "
