---
source: r-lanterm/src/ui/components/./scrollbar_tests.rs
expression: terminal.backend()
---
"                                                                                "
"                                                                              â–ˆ "
"                                                                                "
