---
source: r-lanterm/src/ui/components/./tests/field_tests.rs
expression: terminal.backend()
---
"Test: value                                                                     "
